Using pre-set license
Built from '2022.3/china_unity/release' branch; Version is '2022.3.59f1c1 (6f0f5d6fe989) revision 7278429'; Using compiler version '192829333'; Build Type 'Release'
OS: 'Windows 11  (10.0.26100) 64bit CoreCountrySpecific' Language: 'zh' Physical Memory: 16107 MB
BatchMode: 1, IsHumanControllingUs: 0, StartBugReporterOnCrash: 0, Is64bit: 1, IsPro: 1

COMMAND LINE ARGUMENTS:
D:\software\Unity3d\2022.3.59f1c1\Editor\Unity.exe
-adb2
-batchMode
-noUpm
-name
AssetImportWorker0
-projectPath
D:/Project/Unity/HNU2025SummerTraining
-logFile
Logs/AssetImportWorker0.log
-srvPort
55574
Successfully changed project path to: D:/Project/Unity/HNU2025SummerTraining
D:/Project/Unity/HNU2025SummerTraining
[UnityMemory] Configuration Parameters - Can be set up in boot.config
    "memorysetup-bucket-allocator-granularity=16"
    "memorysetup-bucket-allocator-bucket-count=8"
    "memorysetup-bucket-allocator-block-size=33554432"
    "memorysetup-bucket-allocator-block-count=8"
    "memorysetup-main-allocator-block-size=16777216"
    "memorysetup-thread-allocator-block-size=16777216"
    "memorysetup-gfx-main-allocator-block-size=16777216"
    "memorysetup-gfx-thread-allocator-block-size=16777216"
    "memorysetup-cache-allocator-block-size=4194304"
    "memorysetup-typetree-allocator-block-size=2097152"
    "memorysetup-profiler-bucket-allocator-granularity=16"
    "memorysetup-profiler-bucket-allocator-bucket-count=8"
    "memorysetup-profiler-bucket-allocator-block-size=33554432"
    "memorysetup-profiler-bucket-allocator-block-count=8"
    "memorysetup-profiler-allocator-block-size=16777216"
    "memorysetup-profiler-editor-allocator-block-size=1048576"
    "memorysetup-temp-allocator-size-main=16777216"
    "memorysetup-job-temp-allocator-block-size=2097152"
    "memorysetup-job-temp-allocator-block-size-background=1048576"
    "memorysetup-job-temp-allocator-reduction-small-platforms=262144"
    "memorysetup-allocator-temp-initial-block-size-main=262144"
    "memorysetup-allocator-temp-initial-block-size-worker=262144"
    "memorysetup-temp-allocator-size-background-worker=32768"
    "memorysetup-temp-allocator-size-job-worker=262144"
    "memorysetup-temp-allocator-size-preload-manager=33554432"
    "memorysetup-temp-allocator-size-nav-mesh-worker=65536"
    "memorysetup-temp-allocator-size-audio-worker=65536"
    "memorysetup-temp-allocator-size-cloud-worker=32768"
    "memorysetup-temp-allocator-size-gi-baking-worker=262144"
    "memorysetup-temp-allocator-size-gfx=262144"
Player connection [33856]  Target information:

Player connection [33856]  * "[IP] 192.168.234.1 [Port] 0 [Flags] 2 [Guid] 136102933 [EditorId] 136102933 [Version] 1048832 [Id] WindowsEditor(7,WANGHUI) [Debug] 1 [PackageName] WindowsEditor [ProjectName] Editor" 

Player connection [33856]  * "[IP] 192.168.190.1 [Port] 0 [Flags] 2 [Guid] 136102933 [EditorId] 136102933 [Version] 1048832 [Id] WindowsEditor(7,WANGHUI) [Debug] 1 [PackageName] WindowsEditor [ProjectName] Editor" 

Player connection [33856]  * "[IP] 10.72.25.219 [Port] 0 [Flags] 2 [Guid] 136102933 [EditorId] 136102933 [Version] 1048832 [Id] WindowsEditor(7,WANGHUI) [Debug] 1 [PackageName] WindowsEditor [ProjectName] Editor" 

Player connection [33856] Host joined multi-casting on [225.0.0.222:54997]...
Player connection [33856] Host joined alternative multi-casting on [225.0.0.222:34997]...
Input System module state changed to: Initialized.
[PhysX] Initialized MultithreadedTaskDispatcher with 24 workers.
Refreshing native plugins compatible for Editor in 6.95 ms, found 3 plugins.
Preloading 0 native plugins for Editor in 0.00 ms.
Initialize engine version: 2022.3.59f1c1 (6f0f5d6fe989)
[Subsystems] Discovering subsystems at path D:/software/Unity3d/2022.3.59f1c1/Editor/Data/Resources/UnitySubsystems
[Subsystems] Discovering subsystems at path D:/Project/Unity/HNU2025SummerTraining/Assets
GfxDevice: creating device client; threaded=0; jobified=0
Direct3D:
    Version:  Direct3D 11.0 [level 11.1]
    Renderer: NVIDIA GeForce RTX 5060 Laptop GPU (ID=0x2d59)
    Vendor:   NVIDIA
    VRAM:     7810 MB
    Driver:   32.0.15.7324
Initialize mono
Mono path[0] = 'D:/software/Unity3d/2022.3.59f1c1/Editor/Data/Managed'
Mono path[1] = 'D:/software/Unity3d/2022.3.59f1c1/Editor/Data/MonoBleedingEdge/lib/mono/unityjit-win32'
Mono config path = 'D:/software/Unity3d/2022.3.59f1c1/Editor/Data/MonoBleedingEdge/etc'
Using monoOptions --debugger-agent=transport=dt_socket,embedding=1,server=y,suspend=n,address=127.0.0.1:56536
Begin MonoManager ReloadAssembly
Registering precompiled unity dll's ...
Register platform support module: D:/software/Unity3d/2022.3.59f1c1/Editor/Data/PlaybackEngines/WindowsStandaloneSupport/UnityEditor.WindowsStandalone.Extensions.dll
Registered in 0.002252 seconds.
- Loaded All Assemblies, in  0.231 seconds
Native extension for WindowsStandalone target not found
Mono: successfully reloaded assembly
- Finished resetting the current domain, in  0.160 seconds
Domain Reload Profiling: 391ms
	BeginReloadAssembly (84ms)
		ExecutionOrderSort (0ms)
		DisableScriptedObjects (0ms)
		BackupInstance (0ms)
		ReleaseScriptingObjects (0ms)
		CreateAndSetChildDomain (0ms)
	RebuildCommonClasses (22ms)
	RebuildNativeTypeToScriptingClass (7ms)
	initialDomainReloadingComplete (31ms)
	LoadAllAssembliesAndSetupDomain (88ms)
		LoadAssemblies (84ms)
		RebuildTransferFunctionScriptingTraits (0ms)
		AnalyzeDomain (86ms)
			TypeCache.Refresh (85ms)
				TypeCache.ScanAssembly (76ms)
			ScanForSourceGeneratedMonoScriptInfo (0ms)
			ResolveRequiredComponents (0ms)
	FinalizeReload (160ms)
		ReleaseScriptCaches (0ms)
		RebuildScriptCaches (0ms)
		SetupLoadedEditorAssemblies (131ms)
			LogAssemblyErrors (0ms)
			InitializePlatformSupportModulesInManaged (5ms)
			SetLoadedEditorAssemblies (5ms)
			RefreshPlugins (0ms)
			BeforeProcessingInitializeOnLoad (1ms)
			ProcessInitializeOnLoadAttributes (88ms)
			ProcessInitializeOnLoadMethodAttributes (31ms)
			AfterProcessingInitializeOnLoad (0ms)
			EditorAssembliesLoaded (0ms)
		ExecutionOrderSort2 (0ms)
		AwakeInstancesAfterBackupRestoration (0ms)
========================================================================
Worker process is ready to serve import requests
Caller must complete domain reload
Begin MonoManager ReloadAssembly
Symbol file LoadedFromMemory is not a mono symbol file
- Loaded All Assemblies, in  0.478 seconds
Native extension for WindowsStandalone target not found
[MODES] ModeService[none].Initialize
[MODES] ModeService[none].LoadModes
[MODES] Loading mode Default (0) for mode-current-id-2025暑期实训
Mono: successfully reloaded assembly
- Finished resetting the current domain, in  0.414 seconds
Domain Reload Profiling: 892ms
	BeginReloadAssembly (117ms)
		ExecutionOrderSort (0ms)
		DisableScriptedObjects (3ms)
		BackupInstance (0ms)
		ReleaseScriptingObjects (0ms)
		CreateAndSetChildDomain (15ms)
	RebuildCommonClasses (23ms)
	RebuildNativeTypeToScriptingClass (7ms)
	initialDomainReloadingComplete (26ms)
	LoadAllAssembliesAndSetupDomain (305ms)
		LoadAssemblies (241ms)
		RebuildTransferFunctionScriptingTraits (0ms)
		AnalyzeDomain (139ms)
			TypeCache.Refresh (122ms)
				TypeCache.ScanAssembly (109ms)
			ScanForSourceGeneratedMonoScriptInfo (12ms)
			ResolveRequiredComponents (3ms)
	FinalizeReload (414ms)
		ReleaseScriptCaches (0ms)
		RebuildScriptCaches (0ms)
		SetupLoadedEditorAssemblies (314ms)
			LogAssemblyErrors (0ms)
			InitializePlatformSupportModulesInManaged (3ms)
			SetLoadedEditorAssemblies (3ms)
			RefreshPlugins (0ms)
			BeforeProcessingInitializeOnLoad (41ms)
			ProcessInitializeOnLoadAttributes (250ms)
			ProcessInitializeOnLoadMethodAttributes (14ms)
			AfterProcessingInitializeOnLoad (2ms)
			EditorAssembliesLoaded (0ms)
		ExecutionOrderSort2 (0ms)
		AwakeInstancesAfterBackupRestoration (6ms)
Launched and connected shader compiler UnityShaderCompiler.exe after 0.13 seconds
Refreshing native plugins compatible for Editor in 4.05 ms, found 3 plugins.
Preloading 0 native plugins for Editor in 0.00 ms.
Unloading 3579 Unused Serialized files (Serialized files now loaded: 0)
Unloading 25 unused Assets / (57.6 KB). Loaded Objects now: 4043.
Memory consumption went from 141.8 MB to 141.8 MB.
Total: 4.010100 ms (FindLiveObjects: 0.217900 ms CreateObjectMapping: 0.129900 ms MarkObjects: 3.527400 ms  DeleteObjects: 0.133300 ms)

AssetImportParameters requested are different than current active one (requested -> active):
  custom:container-demuxer-ogg: 62fdf1f143b41e24485cea50d1cbac27 -> 
  custom:video-codec-MediaFoundation-h265: 746d11721c4dcdbdad8f713fa42b33f4 -> 
  custom:video-decoder-ogg-theora: a1e56fd34408186e4bbccfd4996cb3dc -> 
  custom:framework-win-MediaFoundation: 216162199b28c13a410421893ffa2e32 -> 
  custom:CustomObjectIndexerAttribute: 9a22284fe3817be447336de3de66b15e -> 
  custom:container-demuxer-webm: 4f35f7cbe854078d1ac9338744f61a02 -> 
  custom:container-muxer-webm: aa71ff27fc2769a1b78a27578f13a17b -> 
  custom:video-decoder-webm-vp8: 9c59270c3fd7afecdb556c50c9e8de78 -> 
  custom:SearchIndexIgnoredProperties: e643bd26f0fe6173181afceb89e7c659 -> 
  custom:AudioImporter_EditorPlatform: d09bf68614088b80899f8185d706f6e7 -> 
  custom:video-encoder-webm-vp8: eb34c28f22e8b96e1ab97ce403110664 -> 
  custom:audio-decoder-ogg-vorbis: bf7c407c2cedff20999df2af8eb42d56 -> 
  custom:audio-encoder-webm-vorbis: bf7c407c2cedff20999df2af8eb42d56 -> 
========================================================================
Received Import Request.
  Time since last request: 601047.072694 seconds.
  path: Assets/Animation/Ch36_nonPBR@Idle.fbx
  artifactKey: Guid(a8be41f85e622d84c8fe5f7496567666) Importer(815301076,1909f56bfc062723c751e8b465ee728b)
Start importing Assets/Animation/Ch36_nonPBR@Idle.fbx using Guid(a8be41f85e622d84c8fe5f7496567666) Importer(815301076,1909f56bfc062723c751e8b465ee728b) [PhysX] Initialized MultithreadedTaskDispatcher with 24 workers.
 -> (artifact id: 'e3be0c6d8041ff8bdfb148d964db1419') in 0.022252 seconds
Number of updated asset objects reloaded before import = 0
Number of asset objects unloaded after import = 137
========================================================================
Received Import Request.
  Time since last request: 28.101903 seconds.
  path: Assets/Animation
  artifactKey: Guid(30d4f6a291ce2a04cb89e09d683f6e86) Importer(815301076,1909f56bfc062723c751e8b465ee728b)
Start importing Assets/Animation using Guid(30d4f6a291ce2a04cb89e09d683f6e86) Importer(815301076,1909f56bfc062723c751e8b465ee728b) [PhysX] Initialized MultithreadedTaskDispatcher with 24 workers.
 -> (artifact id: '2e5e94b65821ca2ca432af81497134d6') in 0.000396 seconds
Number of updated asset objects reloaded before import = 0
Number of asset objects unloaded after import = 0
========================================================================
Received Import Request.
  Time since last request: 8.394039 seconds.
  path: Assets/Res/Kevin Iglesias/Human Character Dummy/Human Character Dummy.unity
  artifactKey: Guid(dba2fd184a5dbfb42a143781fc8dea40) Importer(815301076,1909f56bfc062723c751e8b465ee728b)
Start importing Assets/Res/Kevin Iglesias/Human Character Dummy/Human Character Dummy.unity using Guid(dba2fd184a5dbfb42a143781fc8dea40) Importer(815301076,1909f56bfc062723c751e8b465ee728b) [PhysX] Initialized MultithreadedTaskDispatcher with 24 workers.
 -> (artifact id: 'b547edce7b683c989b2f46c3b8aad3ba') in 0.000393 seconds
Number of updated asset objects reloaded before import = 0
Number of asset objects unloaded after import = 0
========================================================================
Received Import Request.
  Time since last request: 9.889949 seconds.
  path: Assets/Res/Kevin Iglesias/Human Character Dummy/Prefabs/HumanDummy_F Blue.prefab
  artifactKey: Guid(6206c14b6fb53694cb6b0bb8a41fcb9c) Importer(815301076,1909f56bfc062723c751e8b465ee728b)
Start importing Assets/Res/Kevin Iglesias/Human Character Dummy/Prefabs/HumanDummy_F Blue.prefab using Guid(6206c14b6fb53694cb6b0bb8a41fcb9c) Importer(815301076,1909f56bfc062723c751e8b465ee728b) [PhysX] Initialized MultithreadedTaskDispatcher with 24 workers.
[PhysX] Initialized MultithreadedTaskDispatcher with 24 workers.
 -> (artifact id: 'c7bf6375bae0e9dee41c00b433262743') in 0.063340 seconds
Number of updated asset objects reloaded before import = 0
Number of asset objects unloaded after import = 250
========================================================================
Received Import Request.
  Time since last request: 4.119269 seconds.
  path: Assets/Res/Kevin Iglesias/Human Character Dummy/Prefabs/HumanDummy_F Green.prefab
  artifactKey: Guid(5ab167a26e66ca540b4bbfd94705b2d4) Importer(815301076,1909f56bfc062723c751e8b465ee728b)
Start importing Assets/Res/Kevin Iglesias/Human Character Dummy/Prefabs/HumanDummy_F Green.prefab using Guid(5ab167a26e66ca540b4bbfd94705b2d4) Importer(815301076,1909f56bfc062723c751e8b465ee728b) [PhysX] Initialized MultithreadedTaskDispatcher with 24 workers.
[PhysX] Initialized MultithreadedTaskDispatcher with 24 workers.
 -> (artifact id: 'c4b0148bac18e6f8435e2ab130a6d092') in 0.016028 seconds
Number of updated asset objects reloaded before import = 0
Number of asset objects unloaded after import = 250
========================================================================
Received Import Request.
  Time since last request: 3.632775 seconds.
  path: Assets/Res/Kevin Iglesias/Human Character Dummy/Prefabs/HumanDummy_F Orange.prefab
  artifactKey: Guid(a2946f7bb3734fb45837bffca017fc9a) Importer(815301076,1909f56bfc062723c751e8b465ee728b)
Start importing Assets/Res/Kevin Iglesias/Human Character Dummy/Prefabs/HumanDummy_F Orange.prefab using Guid(a2946f7bb3734fb45837bffca017fc9a) Importer(815301076,1909f56bfc062723c751e8b465ee728b) [PhysX] Initialized MultithreadedTaskDispatcher with 24 workers.
[PhysX] Initialized MultithreadedTaskDispatcher with 24 workers.
 -> (artifact id: '84ed679d9454a9e0bbf2c3cc374402ed') in 0.008183 seconds
Number of updated asset objects reloaded before import = 0
Number of asset objects unloaded after import = 250
========================================================================
Received Import Request.
  Time since last request: 1.048421 seconds.
  path: Assets/Res/Kevin Iglesias/Human Character Dummy/Prefabs/HumanDummy_F Purple.prefab
  artifactKey: Guid(7569866452c422745a9c3f1edd901499) Importer(815301076,1909f56bfc062723c751e8b465ee728b)
Start importing Assets/Res/Kevin Iglesias/Human Character Dummy/Prefabs/HumanDummy_F Purple.prefab using Guid(7569866452c422745a9c3f1edd901499) Importer(815301076,1909f56bfc062723c751e8b465ee728b) [PhysX] Initialized MultithreadedTaskDispatcher with 24 workers.
[PhysX] Initialized MultithreadedTaskDispatcher with 24 workers.
 -> (artifact id: 'ca58269f8d15f53e7effaf3a96cece9b') in 0.007834 seconds
Number of updated asset objects reloaded before import = 0
Number of asset objects unloaded after import = 250
========================================================================
Received Import Request.
  Time since last request: 1.557977 seconds.
  path: Assets/Res/Kevin Iglesias/Human Character Dummy/Prefabs/HumanDummy_M Yellow.prefab
  artifactKey: Guid(75f582752a9a5774dbabd596a75f7bd0) Importer(815301076,1909f56bfc062723c751e8b465ee728b)
Start importing Assets/Res/Kevin Iglesias/Human Character Dummy/Prefabs/HumanDummy_M Yellow.prefab using Guid(75f582752a9a5774dbabd596a75f7bd0) Importer(815301076,1909f56bfc062723c751e8b465ee728b) [PhysX] Initialized MultithreadedTaskDispatcher with 24 workers.
[PhysX] Initialized MultithreadedTaskDispatcher with 24 workers.
 -> (artifact id: '224af68e8c1cb07a1edb5bb387156a3d') in 0.009341 seconds
Number of updated asset objects reloaded before import = 0
Number of asset objects unloaded after import = 250
========================================================================
Received Import Request.
  Time since last request: 4.214087 seconds.
  path: Assets/Res/Kevin Iglesias/Human Character Dummy/Textures/HumanCharacterDummy_ColorPalette.png
  artifactKey: Guid(7bb2015627426e34f80ef3235d97c0b4) Importer(815301076,1909f56bfc062723c751e8b465ee728b)
Start importing Assets/Res/Kevin Iglesias/Human Character Dummy/Textures/HumanCharacterDummy_ColorPalette.png using Guid(7bb2015627426e34f80ef3235d97c0b4) Importer(815301076,1909f56bfc062723c751e8b465ee728b) [PhysX] Initialized MultithreadedTaskDispatcher with 24 workers.
[PhysX] Initialized MultithreadedTaskDispatcher with 24 workers.
 -> (artifact id: 'ed0bcd55dabacbff5c7acf705afebf8f') in 0.008284 seconds
Number of updated asset objects reloaded before import = 0
Number of asset objects unloaded after import = 2
========================================================================
Received Import Request.
  Time since last request: 14.962538 seconds.
  path: Assets/Res/Military_free/Materials
  artifactKey: Guid(addf22b9651c9784eab52b08a8e068ec) Importer(815301076,1909f56bfc062723c751e8b465ee728b)
Start importing Assets/Res/Military_free/Materials using Guid(addf22b9651c9784eab52b08a8e068ec) Importer(815301076,1909f56bfc062723c751e8b465ee728b) [PhysX] Initialized MultithreadedTaskDispatcher with 24 workers.
 -> (artifact id: 'f62486622dd2c5b94f1f36191bce5d2b') in 0.000536 seconds
Number of updated asset objects reloaded before import = 0
Number of asset objects unloaded after import = 0
========================================================================
Received Import Request.
  Time since last request: 2.275967 seconds.
  path: Assets/Res/Military_free/Prefabs/barrel_001.prefab
  artifactKey: Guid(e1477e8dac1ff5a4db87dc4cafe4e4a9) Importer(815301076,1909f56bfc062723c751e8b465ee728b)
Start importing Assets/Res/Military_free/Prefabs/barrel_001.prefab using Guid(e1477e8dac1ff5a4db87dc4cafe4e4a9) Importer(815301076,1909f56bfc062723c751e8b465ee728b) [PhysX] Initialized MultithreadedTaskDispatcher with 24 workers.
[PhysX] Initialized MultithreadedTaskDispatcher with 24 workers.
 -> (artifact id: '08072236136f48b0111f600b95470e03') in 0.121773 seconds
Number of updated asset objects reloaded before import = 0
Number of asset objects unloaded after import = 16
========================================================================
Received Import Request.
  Time since last request: 2.739956 seconds.
  path: Assets/Res/Military_free/Prefabs/barrel_002.prefab
  artifactKey: Guid(bc2bb80f21e946e4b8927eff4f7a8188) Importer(815301076,1909f56bfc062723c751e8b465ee728b)
Start importing Assets/Res/Military_free/Prefabs/barrel_002.prefab using Guid(bc2bb80f21e946e4b8927eff4f7a8188) Importer(815301076,1909f56bfc062723c751e8b465ee728b) [PhysX] Initialized MultithreadedTaskDispatcher with 24 workers.
[PhysX] Initialized MultithreadedTaskDispatcher with 24 workers.
 -> (artifact id: '7e10c8ce6b13166d46cfe9fa66d36c26') in 0.006185 seconds
Number of updated asset objects reloaded before import = 0
Number of asset objects unloaded after import = 16
========================================================================
Received Import Request.
  Time since last request: 1.925304 seconds.
  path: Assets/Res/Military_free/Prefabs/barrel_003.prefab
  artifactKey: Guid(8892bcbdfbd2af041a53b93db540868b) Importer(815301076,1909f56bfc062723c751e8b465ee728b)
Start importing Assets/Res/Military_free/Prefabs/barrel_003.prefab using Guid(8892bcbdfbd2af041a53b93db540868b) Importer(815301076,1909f56bfc062723c751e8b465ee728b) [PhysX] Initialized MultithreadedTaskDispatcher with 24 workers.
[PhysX] Initialized MultithreadedTaskDispatcher with 24 workers.
 -> (artifact id: '76e52ac3b1c8448acd5001ec6152c49a') in 0.006459 seconds
Number of updated asset objects reloaded before import = 0
Number of asset objects unloaded after import = 16
========================================================================
Received Import Request.
  Time since last request: 2.126343 seconds.
  path: Assets/Res/Military_free/Prefabs/box_001.prefab
  artifactKey: Guid(87c1a8fe7383d8949bcff4dfbe196ab3) Importer(815301076,1909f56bfc062723c751e8b465ee728b)
Start importing Assets/Res/Military_free/Prefabs/box_001.prefab using Guid(87c1a8fe7383d8949bcff4dfbe196ab3) Importer(815301076,1909f56bfc062723c751e8b465ee728b) [PhysX] Initialized MultithreadedTaskDispatcher with 24 workers.
[PhysX] Initialized MultithreadedTaskDispatcher with 24 workers.
 -> (artifact id: 'b15f9fddf59fdab94da70a0c3f89ac1c') in 0.006222 seconds
Number of updated asset objects reloaded before import = 0
Number of asset objects unloaded after import = 16
========================================================================
Received Import Request.
  Time since last request: 2.160748 seconds.
  path: Assets/Res/Military_free/Prefabs/box_002.prefab
  artifactKey: Guid(6101fa596a6a40c4b8ecf8e2bab97519) Importer(815301076,1909f56bfc062723c751e8b465ee728b)
Start importing Assets/Res/Military_free/Prefabs/box_002.prefab using Guid(6101fa596a6a40c4b8ecf8e2bab97519) Importer(815301076,1909f56bfc062723c751e8b465ee728b) [PhysX] Initialized MultithreadedTaskDispatcher with 24 workers.
[PhysX] Initialized MultithreadedTaskDispatcher with 24 workers.
 -> (artifact id: '5bd1ed6512ac3e600cb54ae221c96f38') in 0.009683 seconds
Number of updated asset objects reloaded before import = 0
Number of asset objects unloaded after import = 18
========================================================================
Received Import Request.
  Time since last request: 1.434242 seconds.
  path: Assets/Res/Military_free/Prefabs/box_003.prefab
  artifactKey: Guid(1a43fa457a8ef2a459f5b1babc7d13ba) Importer(815301076,1909f56bfc062723c751e8b465ee728b)
Start importing Assets/Res/Military_free/Prefabs/box_003.prefab using Guid(1a43fa457a8ef2a459f5b1babc7d13ba) Importer(815301076,1909f56bfc062723c751e8b465ee728b) [PhysX] Initialized MultithreadedTaskDispatcher with 24 workers.
[PhysX] Initialized MultithreadedTaskDispatcher with 24 workers.
 -> (artifact id: 'f086f8e1ddc5ee30086ba28608eee93c') in 0.010148 seconds
Number of updated asset objects reloaded before import = 0
Number of asset objects unloaded after import = 18
========================================================================
Received Import Request.
  Time since last request: 1.399078 seconds.
  path: Assets/Res/Military_free/Prefabs/box_004.prefab
  artifactKey: Guid(b96b0ab13165f8a4c94907ab74289177) Importer(815301076,1909f56bfc062723c751e8b465ee728b)
Start importing Assets/Res/Military_free/Prefabs/box_004.prefab using Guid(b96b0ab13165f8a4c94907ab74289177) Importer(815301076,1909f56bfc062723c751e8b465ee728b) [PhysX] Initialized MultithreadedTaskDispatcher with 24 workers.
[PhysX] Initialized MultithreadedTaskDispatcher with 24 workers.
 -> (artifact id: '20d98e27ca90d3066d072876917646c5') in 0.008761 seconds
Number of updated asset objects reloaded before import = 0
Number of asset objects unloaded after import = 18
========================================================================
Received Import Request.
  Time since last request: 2.104222 seconds.
  path: Assets/Res/Military_free/Prefabs/conditioner_001.prefab
  artifactKey: Guid(c75f841f289f2f24e9886b5990801302) Importer(815301076,1909f56bfc062723c751e8b465ee728b)
Start importing Assets/Res/Military_free/Prefabs/conditioner_001.prefab using Guid(c75f841f289f2f24e9886b5990801302) Importer(815301076,1909f56bfc062723c751e8b465ee728b) [PhysX] Initialized MultithreadedTaskDispatcher with 24 workers.
[PhysX] Initialized MultithreadedTaskDispatcher with 24 workers.
 -> (artifact id: 'e4a55988c51b209f280b4fcb8a2bfd09') in 0.006974 seconds
Number of updated asset objects reloaded before import = 0
Number of asset objects unloaded after import = 18
========================================================================
Received Import Request.
  Time since last request: 3.566918 seconds.
  path: Assets/Res/Military_free/Prefabs/container_001.prefab
  artifactKey: Guid(e3c2353a5dad81d4995f059154a2a97d) Importer(815301076,1909f56bfc062723c751e8b465ee728b)
Start importing Assets/Res/Military_free/Prefabs/container_001.prefab using Guid(e3c2353a5dad81d4995f059154a2a97d) Importer(815301076,1909f56bfc062723c751e8b465ee728b) [PhysX] Initialized MultithreadedTaskDispatcher with 24 workers.
[PhysX] Initialized MultithreadedTaskDispatcher with 24 workers.
 -> (artifact id: '6d4e05622b89b867b13106b8d054d728') in 0.006822 seconds
Number of updated asset objects reloaded before import = 0
Number of asset objects unloaded after import = 16
========================================================================
Received Import Request.
  Time since last request: 6.861201 seconds.
  path: Assets/Res/Military_free/Prefabs/hedgehog_001.prefab
  artifactKey: Guid(a71ea9ef9b659a24f8107f8b0b13cdce) Importer(815301076,1909f56bfc062723c751e8b465ee728b)
Start importing Assets/Res/Military_free/Prefabs/hedgehog_001.prefab using Guid(a71ea9ef9b659a24f8107f8b0b13cdce) Importer(815301076,1909f56bfc062723c751e8b465ee728b) [PhysX] Initialized MultithreadedTaskDispatcher with 24 workers.
[PhysX] Initialized MultithreadedTaskDispatcher with 24 workers.
 -> (artifact id: '0564c735009a0ebea591ac1e2af3298b') in 0.006796 seconds
Number of updated asset objects reloaded before import = 0
Number of asset objects unloaded after import = 16
========================================================================
Received Import Request.
  Time since last request: 2.520094 seconds.
  path: Assets/Res/Military_free/Prefabs/mortar_001.prefab
  artifactKey: Guid(df7503a6ae8e06943939cc5f3c84d64e) Importer(815301076,1909f56bfc062723c751e8b465ee728b)
Start importing Assets/Res/Military_free/Prefabs/mortar_001.prefab using Guid(df7503a6ae8e06943939cc5f3c84d64e) Importer(815301076,1909f56bfc062723c751e8b465ee728b) [PhysX] Initialized MultithreadedTaskDispatcher with 24 workers.
[PhysX] Initialized MultithreadedTaskDispatcher with 24 workers.
 -> (artifact id: 'a9de44dc24292855e8573a5339ba65da') in 0.008566 seconds
Number of updated asset objects reloaded before import = 0
Number of asset objects unloaded after import = 16
========================================================================
Received Import Request.
  Time since last request: 2.156527 seconds.
  path: Assets/Res/Military_free/Prefabs/radiostation_001.prefab
  artifactKey: Guid(0fadf0d96a8b06c44a075b5eeec5b6a5) Importer(815301076,1909f56bfc062723c751e8b465ee728b)
Start importing Assets/Res/Military_free/Prefabs/radiostation_001.prefab using Guid(0fadf0d96a8b06c44a075b5eeec5b6a5) Importer(815301076,1909f56bfc062723c751e8b465ee728b) [PhysX] Initialized MultithreadedTaskDispatcher with 24 workers.
[PhysX] Initialized MultithreadedTaskDispatcher with 24 workers.
 -> (artifact id: 'bdd54dbd9bb8df7c82e6e9ca4e0d7b80') in 0.007279 seconds
Number of updated asset objects reloaded before import = 0
Number of asset objects unloaded after import = 18
========================================================================
Received Import Request.
  Time since last request: 1.404872 seconds.
  path: Assets/Res/Military_free/Prefabs/table_001.prefab
  artifactKey: Guid(885b27966bc894849b24e915dbbd00fd) Importer(815301076,1909f56bfc062723c751e8b465ee728b)
Start importing Assets/Res/Military_free/Prefabs/table_001.prefab using Guid(885b27966bc894849b24e915dbbd00fd) Importer(815301076,1909f56bfc062723c751e8b465ee728b) [PhysX] Initialized MultithreadedTaskDispatcher with 24 workers.
[PhysX] Initialized MultithreadedTaskDispatcher with 24 workers.
 -> (artifact id: 'cdad98a19d0d8739e727cbeb7b44b218') in 0.006580 seconds
Number of updated asset objects reloaded before import = 0
Number of asset objects unloaded after import = 16
========================================================================
Received Import Request.
  Time since last request: 4.333858 seconds.
  path: Assets/Res/Military_free/Prefabs/tank_gun_001.prefab
  artifactKey: Guid(26c9254e16295904f82785b80fc26662) Importer(815301076,1909f56bfc062723c751e8b465ee728b)
Start importing Assets/Res/Military_free/Prefabs/tank_gun_001.prefab using Guid(26c9254e16295904f82785b80fc26662) Importer(815301076,1909f56bfc062723c751e8b465ee728b) [PhysX] Initialized MultithreadedTaskDispatcher with 24 workers.
[PhysX] Initialized MultithreadedTaskDispatcher with 24 workers.
 -> (artifact id: 'd39074910f9e6e07368b2f2879112f05') in 0.009892 seconds
Number of updated asset objects reloaded before import = 0
Number of asset objects unloaded after import = 16
========================================================================
Received Import Request.
  Time since last request: 1.451847 seconds.
  path: Assets/Res/Military_free/Prefabs/tank.prefab
  artifactKey: Guid(61bc641b0bb727149804fc8ae55a1fbb) Importer(815301076,1909f56bfc062723c751e8b465ee728b)
Start importing Assets/Res/Military_free/Prefabs/tank.prefab using Guid(61bc641b0bb727149804fc8ae55a1fbb) Importer(815301076,1909f56bfc062723c751e8b465ee728b) [PhysX] Initialized MultithreadedTaskDispatcher with 24 workers.
[PhysX] Initialized MultithreadedTaskDispatcher with 24 workers.
 -> (artifact id: 'b4125c97172fdf4b8ee92bb020c2d864') in 0.009420 seconds
Number of updated asset objects reloaded before import = 0
Number of asset objects unloaded after import = 59
========================================================================
Received Import Request.
  Time since last request: 5.678004 seconds.
  path: Assets/Res/Military_free/Prefabs/target_001.prefab
  artifactKey: Guid(204fae9b642e37e409f9025414e57351) Importer(815301076,1909f56bfc062723c751e8b465ee728b)
Start importing Assets/Res/Military_free/Prefabs/target_001.prefab using Guid(204fae9b642e37e409f9025414e57351) Importer(815301076,1909f56bfc062723c751e8b465ee728b) [PhysX] Initialized MultithreadedTaskDispatcher with 24 workers.
[PhysX] Initialized MultithreadedTaskDispatcher with 24 workers.
 -> (artifact id: '3e70455f6351a3563d77a63bbf60cccc') in 0.007397 seconds
Number of updated asset objects reloaded before import = 0
Number of asset objects unloaded after import = 16
========================================================================
Received Import Request.
  Time since last request: 1.812135 seconds.
  path: Assets/Res/Military_free/Prefabs/tent_001.prefab
  artifactKey: Guid(2591709d1978df649aebd5b6b0a68773) Importer(815301076,1909f56bfc062723c751e8b465ee728b)
Start importing Assets/Res/Military_free/Prefabs/tent_001.prefab using Guid(2591709d1978df649aebd5b6b0a68773) Importer(815301076,1909f56bfc062723c751e8b465ee728b) [PhysX] Initialized MultithreadedTaskDispatcher with 24 workers.
[PhysX] Initialized MultithreadedTaskDispatcher with 24 workers.
 -> (artifact id: '191cb2fae6590b8195e9e1917bcdaa57') in 0.007079 seconds
Number of updated asset objects reloaded before import = 0
Number of asset objects unloaded after import = 18
========================================================================
Received Import Request.
  Time since last request: 2.560445 seconds.
  path: Assets/Res/Military_free/Prefabs/tower_001.prefab
  artifactKey: Guid(73aa7022cb2ecf746a2c454ed620c5d0) Importer(815301076,1909f56bfc062723c751e8b465ee728b)
Start importing Assets/Res/Military_free/Prefabs/tower_001.prefab using Guid(73aa7022cb2ecf746a2c454ed620c5d0) Importer(815301076,1909f56bfc062723c751e8b465ee728b) [PhysX] Initialized MultithreadedTaskDispatcher with 24 workers.
[PhysX] Initialized MultithreadedTaskDispatcher with 24 workers.
 -> (artifact id: 'e45d264659720784c1fbe1691da7fecf') in 0.006300 seconds
Number of updated asset objects reloaded before import = 0
Number of asset objects unloaded after import = 16
========================================================================
Received Import Request.
  Time since last request: 8.114667 seconds.
  path: Assets/Res/Military_free/Scenes/Overview.unity
  artifactKey: Guid(1c1ef8d950a6ff447a2baeb99619dc08) Importer(815301076,1909f56bfc062723c751e8b465ee728b)
Start importing Assets/Res/Military_free/Scenes/Overview.unity using Guid(1c1ef8d950a6ff447a2baeb99619dc08) Importer(815301076,1909f56bfc062723c751e8b465ee728b) [PhysX] Initialized MultithreadedTaskDispatcher with 24 workers.
 -> (artifact id: 'c916b17b18d34db151537193ad588984') in 0.000414 seconds
Number of updated asset objects reloaded before import = 0
Number of asset objects unloaded after import = 0
========================================================================
Received Import Request.
  Time since last request: 23.828940 seconds.
  path: Assets/Res/Nokobot/Modern Guns - Handgun
  artifactKey: Guid(9b71495c3a81201449227260c3e34be7) Importer(815301076,1909f56bfc062723c751e8b465ee728b)
Start importing Assets/Res/Nokobot/Modern Guns - Handgun using Guid(9b71495c3a81201449227260c3e34be7) Importer(815301076,1909f56bfc062723c751e8b465ee728b) [PhysX] Initialized MultithreadedTaskDispatcher with 24 workers.
 -> (artifact id: '4ab71d85c04e3f27054669ecf9e9c787') in 0.000369 seconds
Number of updated asset objects reloaded before import = 0
Number of asset objects unloaded after import = 0
========================================================================
Received Import Request.
  Time since last request: 6.668933 seconds.
  path: Assets/Res/Nokobot/Modern Guns - Handgun/_Prefabs/45ACP Bullet.prefab
  artifactKey: Guid(674adf642abf5614aae2995443c8250f) Importer(815301076,1909f56bfc062723c751e8b465ee728b)
Start importing Assets/Res/Nokobot/Modern Guns - Handgun/_Prefabs/45ACP Bullet.prefab using Guid(674adf642abf5614aae2995443c8250f) Importer(815301076,1909f56bfc062723c751e8b465ee728b) [PhysX] Initialized MultithreadedTaskDispatcher with 24 workers.
[PhysX] Initialized MultithreadedTaskDispatcher with 24 workers.
 -> (artifact id: '52881ac8259c1f344adfa4e991b9dc94') in 0.126854 seconds
Number of updated asset objects reloaded before import = 0
Number of asset objects unloaded after import = 66
========================================================================
Received Import Request.
  Time since last request: 2.390126 seconds.
  path: Assets/Res/Nokobot/Modern Guns - Handgun/_Prefabs/45ACP Bullet_Casing.prefab
  artifactKey: Guid(4cb20e8abae957146a8b78e670d3fe74) Importer(815301076,1909f56bfc062723c751e8b465ee728b)
Start importing Assets/Res/Nokobot/Modern Guns - Handgun/_Prefabs/45ACP Bullet_Casing.prefab using Guid(4cb20e8abae957146a8b78e670d3fe74) Importer(815301076,1909f56bfc062723c751e8b465ee728b) [PhysX] Initialized MultithreadedTaskDispatcher with 24 workers.
[PhysX] Initialized MultithreadedTaskDispatcher with 24 workers.
 -> (artifact id: '80dd617c085b5382a80563031e63fb37') in 0.006362 seconds
Number of updated asset objects reloaded before import = 0
Number of asset objects unloaded after import = 21
========================================================================
Received Import Request.
  Time since last request: 2.044805 seconds.
  path: Assets/Res/Nokobot/Modern Guns - Handgun/_Prefabs/45ACP Bullet_Head.prefab
  artifactKey: Guid(65c9f6563c561ee4e8905d1e6a32548b) Importer(815301076,1909f56bfc062723c751e8b465ee728b)
Start importing Assets/Res/Nokobot/Modern Guns - Handgun/_Prefabs/45ACP Bullet_Head.prefab using Guid(65c9f6563c561ee4e8905d1e6a32548b) Importer(815301076,1909f56bfc062723c751e8b465ee728b) [PhysX] Initialized MultithreadedTaskDispatcher with 24 workers.
[PhysX] Initialized MultithreadedTaskDispatcher with 24 workers.
 -> (artifact id: 'db33b25e884c3ff60f458c3b1c58cc77') in 0.006331 seconds
Number of updated asset objects reloaded before import = 0
Number of asset objects unloaded after import = 25
========================================================================
Received Import Request.
  Time since last request: 8.837943 seconds.
  path: Assets/Res/Nokobot/Modern Guns - Handgun/_Prefabs/Base Prefabs
  artifactKey: Guid(85ffdbf9c56062e4e8c1a4740fb5adee) Importer(815301076,1909f56bfc062723c751e8b465ee728b)
Start importing Assets/Res/Nokobot/Modern Guns - Handgun/_Prefabs/Base Prefabs using Guid(85ffdbf9c56062e4e8c1a4740fb5adee) Importer(815301076,1909f56bfc062723c751e8b465ee728b) [PhysX] Initialized MultithreadedTaskDispatcher with 24 workers.
 -> (artifact id: '05b97cfb01a7e120ab69ca5b39071071') in 0.000547 seconds
Number of updated asset objects reloaded before import = 0
Number of asset objects unloaded after import = 0
========================================================================
Received Import Request.
  Time since last request: 2.988663 seconds.
  path: Assets/Res/Nokobot/Modern Guns - Handgun/_Prefabs/Base Prefabs/Bullet_Casing.prefab
  artifactKey: Guid(a737d62f4ff0b854a9d767507f039686) Importer(815301076,1909f56bfc062723c751e8b465ee728b)
Start importing Assets/Res/Nokobot/Modern Guns - Handgun/_Prefabs/Base Prefabs/Bullet_Casing.prefab using Guid(a737d62f4ff0b854a9d767507f039686) Importer(815301076,1909f56bfc062723c751e8b465ee728b) [PhysX] Initialized MultithreadedTaskDispatcher with 24 workers.
 -> (artifact id: '40afe971b93bb415c0d8283ce876e66e') in 0.001403 seconds
Number of updated asset objects reloaded before import = 0
Number of asset objects unloaded after import = 6
========================================================================
Received Import Request.
  Time since last request: 1.328170 seconds.
  path: Assets/Res/Nokobot/Modern Guns - Handgun/_Prefabs/Base Prefabs/Bullet_Head.prefab
  artifactKey: Guid(9e0ef2cf9cfc11c46bbe7f28b272f6fb) Importer(815301076,1909f56bfc062723c751e8b465ee728b)
Start importing Assets/Res/Nokobot/Modern Guns - Handgun/_Prefabs/Base Prefabs/Bullet_Head.prefab using Guid(9e0ef2cf9cfc11c46bbe7f28b272f6fb) Importer(815301076,1909f56bfc062723c751e8b465ee728b) [PhysX] Initialized MultithreadedTaskDispatcher with 24 workers.
 -> (artifact id: 'bcd4b0317a068797ecc37bb74ae31472') in 0.001284 seconds
Number of updated asset objects reloaded before import = 0
Number of asset objects unloaded after import = 6
========================================================================
Received Import Request.
  Time since last request: 0.684034 seconds.
  path: Assets/Res/Nokobot/Modern Guns - Handgun/_Prefabs/Base Prefabs/M1911 Handgun Base.prefab
  artifactKey: Guid(a78a725941312494b930d664f3b315d0) Importer(815301076,1909f56bfc062723c751e8b465ee728b)
Start importing Assets/Res/Nokobot/Modern Guns - Handgun/_Prefabs/Base Prefabs/M1911 Handgun Base.prefab using Guid(a78a725941312494b930d664f3b315d0) Importer(815301076,1909f56bfc062723c751e8b465ee728b) [PhysX] Initialized MultithreadedTaskDispatcher with 24 workers.
[PhysX] Initialized MultithreadedTaskDispatcher with 24 workers.
 -> (artifact id: '46079cc040b720b0ce638921e4beea72') in 0.084085 seconds
Number of updated asset objects reloaded before import = 0
Number of asset objects unloaded after import = 62
========================================================================
Received Import Request.
  Time since last request: 1.318756 seconds.
  path: Assets/Res/Nokobot/Modern Guns - Handgun/_Prefabs/Base Prefabs/M1911 Magazine Base.prefab
  artifactKey: Guid(71d42f13891e48c4487496fd15802eda) Importer(815301076,1909f56bfc062723c751e8b465ee728b)
Start importing Assets/Res/Nokobot/Modern Guns - Handgun/_Prefabs/Base Prefabs/M1911 Magazine Base.prefab using Guid(71d42f13891e48c4487496fd15802eda) Importer(815301076,1909f56bfc062723c751e8b465ee728b) [PhysX] Initialized MultithreadedTaskDispatcher with 24 workers.
[PhysX] Initialized MultithreadedTaskDispatcher with 24 workers.
 -> (artifact id: 'a304b30c2d29a656dff1236c782b6a8f') in 0.010247 seconds
Number of updated asset objects reloaded before import = 0
Number of asset objects unloaded after import = 19
========================================================================
Received Import Request.
  Time since last request: 6.900417 seconds.
  path: Assets/Res/Nokobot/Modern Guns - Handgun/_Prefabs/Handgun Black/M1911 Handgun_Black (Shooting).prefab
  artifactKey: Guid(7e7f2840eb6a6294fb9d04582dbf8079) Importer(815301076,1909f56bfc062723c751e8b465ee728b)
Start importing Assets/Res/Nokobot/Modern Guns - Handgun/_Prefabs/Handgun Black/M1911 Handgun_Black (Shooting).prefab using Guid(7e7f2840eb6a6294fb9d04582dbf8079) Importer(815301076,1909f56bfc062723c751e8b465ee728b) [PhysX] Initialized MultithreadedTaskDispatcher with 24 workers.
[PhysX] Initialized MultithreadedTaskDispatcher with 24 workers.
 -> (artifact id: '51911d2e381d80b2f89fc98324b6dfe2') in 0.161771 seconds
Number of updated asset objects reloaded before import = 0
Number of asset objects unloaded after import = 231
========================================================================
Received Import Request.
  Time since last request: 3.473779 seconds.
  path: Assets/Res/Nokobot/Modern Guns - Handgun/_Prefabs/Handgun Black/M1911 Handgun_Black.prefab
  artifactKey: Guid(87e308cb23eea97419b3c2623d8bb3fa) Importer(815301076,1909f56bfc062723c751e8b465ee728b)
Start importing Assets/Res/Nokobot/Modern Guns - Handgun/_Prefabs/Handgun Black/M1911 Handgun_Black.prefab using Guid(87e308cb23eea97419b3c2623d8bb3fa) Importer(815301076,1909f56bfc062723c751e8b465ee728b) [PhysX] Initialized MultithreadedTaskDispatcher with 24 workers.
[PhysX] Initialized MultithreadedTaskDispatcher with 24 workers.
 -> (artifact id: '50541d58545ee4ac2c6c5e5c6e6103f8') in 0.016883 seconds
Number of updated asset objects reloaded before import = 0
Number of asset objects unloaded after import = 143
========================================================================
Received Import Request.
  Time since last request: 1.599727 seconds.
  path: Assets/Res/Nokobot/Modern Guns - Handgun/_Prefabs/Handgun Black/M1911 Magazine_Black.prefab
  artifactKey: Guid(1630d9b67160caa44aad0385aa9bf476) Importer(815301076,1909f56bfc062723c751e8b465ee728b)
Start importing Assets/Res/Nokobot/Modern Guns - Handgun/_Prefabs/Handgun Black/M1911 Magazine_Black.prefab using Guid(1630d9b67160caa44aad0385aa9bf476) Importer(815301076,1909f56bfc062723c751e8b465ee728b) [PhysX] Initialized MultithreadedTaskDispatcher with 24 workers.
[PhysX] Initialized MultithreadedTaskDispatcher with 24 workers.
 -> (artifact id: 'd8bbd23e5ab636a21296320ee5e13ed1') in 0.009226 seconds
Number of updated asset objects reloaded before import = 0
Number of asset objects unloaded after import = 30
========================================================================
Received Import Request.
  Time since last request: 1.516260 seconds.
  path: Assets/Res/Nokobot/Modern Guns - Handgun/_Prefabs/Handgun Black/M1911 Magazine_Black_Full.prefab
  artifactKey: Guid(3891d67bd4812e34db02888d6b7ae428) Importer(815301076,1909f56bfc062723c751e8b465ee728b)
Start importing Assets/Res/Nokobot/Modern Guns - Handgun/_Prefabs/Handgun Black/M1911 Magazine_Black_Full.prefab using Guid(3891d67bd4812e34db02888d6b7ae428) Importer(815301076,1909f56bfc062723c751e8b465ee728b) [PhysX] Initialized MultithreadedTaskDispatcher with 24 workers.
[PhysX] Initialized MultithreadedTaskDispatcher with 24 workers.
 -> (artifact id: '021b37be1485dc3c1c23d38442fc4534') in 0.045401 seconds
Number of updated asset objects reloaded before import = 0
Number of asset objects unloaded after import = 143
========================================================================
Received Import Request.
  Time since last request: 11.590191 seconds.
  path: Assets/Res/Nokobot/Modern Guns - Handgun/_Prefabs/Handgun Silver/M1911 Handgun_Silver (Shooting).prefab
  artifactKey: Guid(37e98970f8baf7647b735d9036006f0d) Importer(815301076,1909f56bfc062723c751e8b465ee728b)
Start importing Assets/Res/Nokobot/Modern Guns - Handgun/_Prefabs/Handgun Silver/M1911 Handgun_Silver (Shooting).prefab using Guid(37e98970f8baf7647b735d9036006f0d) Importer(815301076,1909f56bfc062723c751e8b465ee728b) [PhysX] Initialized MultithreadedTaskDispatcher with 24 workers.
[PhysX] Initialized MultithreadedTaskDispatcher with 24 workers.
 -> (artifact id: 'fccc1f530a1f30a87a71637c7f7bfb1b') in 0.070571 seconds
Number of updated asset objects reloaded before import = 0
Number of asset objects unloaded after import = 227
========================================================================
Received Import Request.
  Time since last request: 1.557580 seconds.
  path: Assets/Res/Nokobot/Modern Guns - Handgun/_Prefabs/Handgun Silver/M1911 Handgun_Silver.prefab
  artifactKey: Guid(5c59210965ffbcc4093fe99a29edb777) Importer(815301076,1909f56bfc062723c751e8b465ee728b)
Start importing Assets/Res/Nokobot/Modern Guns - Handgun/_Prefabs/Handgun Silver/M1911 Handgun_Silver.prefab using Guid(5c59210965ffbcc4093fe99a29edb777) Importer(815301076,1909f56bfc062723c751e8b465ee728b) [PhysX] Initialized MultithreadedTaskDispatcher with 24 workers.
[PhysX] Initialized MultithreadedTaskDispatcher with 24 workers.
 -> (artifact id: 'cb19abc81d596db0c2b50e550dbf4ec0') in 0.015546 seconds
Number of updated asset objects reloaded before import = 0
Number of asset objects unloaded after import = 139
========================================================================
Received Import Request.
  Time since last request: 0.729405 seconds.
  path: Assets/Res/Nokobot/Modern Guns - Handgun/_Prefabs/Handgun Silver/M1911 Magazine_Silver.prefab
  artifactKey: Guid(b5c250cf857e87546bfae19a751f3c92) Importer(815301076,1909f56bfc062723c751e8b465ee728b)
Start importing Assets/Res/Nokobot/Modern Guns - Handgun/_Prefabs/Handgun Silver/M1911 Magazine_Silver.prefab using Guid(b5c250cf857e87546bfae19a751f3c92) Importer(815301076,1909f56bfc062723c751e8b465ee728b) [PhysX] Initialized MultithreadedTaskDispatcher with 24 workers.
[PhysX] Initialized MultithreadedTaskDispatcher with 24 workers.
 -> (artifact id: 'ab6dc3ba9b766b8563f748eeab9309c5') in 0.006860 seconds
Number of updated asset objects reloaded before import = 0
Number of asset objects unloaded after import = 28
========================================================================
Received Import Request.
  Time since last request: 6.985146 seconds.
  path: Assets/Res/Nokobot/Modern Guns - Handgun/Animations
  artifactKey: Guid(22c1561bdf2c6ca41a7ef3927b3a69f6) Importer(815301076,1909f56bfc062723c751e8b465ee728b)
Start importing Assets/Res/Nokobot/Modern Guns - Handgun/Animations using Guid(22c1561bdf2c6ca41a7ef3927b3a69f6) Importer(815301076,1909f56bfc062723c751e8b465ee728b) [PhysX] Initialized MultithreadedTaskDispatcher with 24 workers.
 -> (artifact id: '3fd05359e73ae007441abcba1bc4c403') in 0.000608 seconds
Number of updated asset objects reloaded before import = 0
Number of asset objects unloaded after import = 0
========================================================================
Received Import Request.
  Time since last request: 2.713084 seconds.
  path: Assets/Res/Nokobot/Modern Guns - Handgun/Animations/M1911@Fire.anim
  artifactKey: Guid(d34b4dd27ff9e5942b1871319d0f0db7) Importer(815301076,1909f56bfc062723c751e8b465ee728b)
Start importing Assets/Res/Nokobot/Modern Guns - Handgun/Animations/M1911@Fire.anim using Guid(d34b4dd27ff9e5942b1871319d0f0db7) Importer(815301076,1909f56bfc062723c751e8b465ee728b) [PhysX] Initialized MultithreadedTaskDispatcher with 24 workers.
 -> (artifact id: '3cb14741a857ca81695d71dbb052d65d') in 0.000901 seconds
Number of updated asset objects reloaded before import = 0
Number of asset objects unloaded after import = 1
========================================================================
Received Import Request.
  Time since last request: 42.926336 seconds.
  path: Assets/Res/Nokobot/Modern Guns - Handgun/Animations/M1911 Handgun Controller.controller
  artifactKey: Guid(03d1fe4e93c9d4445b3a611df2ee5713) Importer(815301076,1909f56bfc062723c751e8b465ee728b)
Start importing Assets/Res/Nokobot/Modern Guns - Handgun/Animations/M1911 Handgun Controller.controller using Guid(03d1fe4e93c9d4445b3a611df2ee5713) Importer(815301076,1909f56bfc062723c751e8b465ee728b) [PhysX] Initialized MultithreadedTaskDispatcher with 24 workers.
 -> (artifact id: 'b707d9262ba148b72a7d91046e98e756') in 0.002260 seconds
Number of updated asset objects reloaded before import = 0
Number of asset objects unloaded after import = 12
========================================================================
Received Import Request.
  Time since last request: 3.866437 seconds.
  path: Assets/Res/Nokobot/Modern Guns - Handgun/Animations/M1911@Reload.anim
  artifactKey: Guid(3552fad7067d0cf45bf9db1c6b05f429) Importer(815301076,1909f56bfc062723c751e8b465ee728b)
Start importing Assets/Res/Nokobot/Modern Guns - Handgun/Animations/M1911@Reload.anim using Guid(3552fad7067d0cf45bf9db1c6b05f429) Importer(815301076,1909f56bfc062723c751e8b465ee728b) [PhysX] Initialized MultithreadedTaskDispatcher with 24 workers.
 -> (artifact id: '4694a3d5a90a88ca695745f30473f5a4') in 0.000994 seconds
Number of updated asset objects reloaded before import = 0
Number of asset objects unloaded after import = 1
========================================================================
Received Import Request.
  Time since last request: 50.397422 seconds.
  path: Packages/com.unity.ai.navigation
  artifactKey: Guid(778efc4a0d60607f97e733a30532487c) Importer(815301076,1909f56bfc062723c751e8b465ee728b)
Start importing Packages/com.unity.ai.navigation using Guid(778efc4a0d60607f97e733a30532487c) Importer(815301076,1909f56bfc062723c751e8b465ee728b) [PhysX] Initialized MultithreadedTaskDispatcher with 24 workers.
 -> (artifact id: '0d3eb4be5644cf22f8213c437e31c101') in 0.000411 seconds
Number of updated asset objects reloaded before import = 0
Number of asset objects unloaded after import = 0
